Archive member included because of file (symbol)

c:/winavr-20100110/bin/../lib/gcc/avr/4.3.3/avr5\libgcc.a(_udivmodqi4.o)
                              uzeboxVideoEngine.o (__udivmodqi4)
c:/winavr-20100110/bin/../lib/gcc/avr/4.3.3/avr5\libgcc.a(_udivmodhi4.o)
                              uzeboxVideoEngine.o (__udivmodhi4)
c:/winavr-20100110/bin/../lib/gcc/avr/4.3.3/avr5\libgcc.a(_divmodhi4.o)
                              uzeboxSoundEngine.o (__divmodhi4)
c:/winavr-20100110/bin/../lib/gcc/avr/4.3.3/avr5\libgcc.a(_udivmodsi4.o)
                              uzeboxVideoEngine.o (__udivmodsi4)
c:/winavr-20100110/bin/../lib/gcc/avr/4.3.3/avr5\libgcc.a(_exit.o)
                              c:/winavr-20100110/bin/../lib/gcc/avr/4.3.3/../../../../avr/lib/avr5/crtm644.o (exit)
c:/winavr-20100110/bin/../lib/gcc/avr/4.3.3/avr5\libgcc.a(_clear_bss.o)
                              uzeboxCore.o (__do_clear_bss)
c:/winavr-20100110/bin/../lib/gcc/avr/4.3.3/../../../../avr/lib/avr5\libc.a(rand.o)
                              UzeWars.o (srand)
c:/winavr-20100110/bin/../lib/gcc/avr/4.3.3/avr5\libgcc.a(_mulsi3.o)
                              c:/winavr-20100110/bin/../lib/gcc/avr/4.3.3/../../../../avr/lib/avr5\libc.a(rand.o) (__mulsi3)
c:/winavr-20100110/bin/../lib/gcc/avr/4.3.3/avr5\libgcc.a(_divmodsi4.o)
                              c:/winavr-20100110/bin/../lib/gcc/avr/4.3.3/../../../../avr/lib/avr5\libc.a(rand.o) (__divmodsi4)
c:/winavr-20100110/bin/../lib/gcc/avr/4.3.3/avr5\libgcc.a(_prologue.o)
                              c:/winavr-20100110/bin/../lib/gcc/avr/4.3.3/../../../../avr/lib/avr5\libc.a(rand.o) (__prologue_saves__)
c:/winavr-20100110/bin/../lib/gcc/avr/4.3.3/avr5\libgcc.a(_epilogue.o)
                              c:/winavr-20100110/bin/../lib/gcc/avr/4.3.3/../../../../avr/lib/avr5\libc.a(rand.o) (__epilogue_restores__)
c:/winavr-20100110/bin/../lib/gcc/avr/4.3.3/avr5\libgcc.a(_copy_data.o)
                              c:/winavr-20100110/bin/../lib/gcc/avr/4.3.3/../../../../avr/lib/avr5\libc.a(rand.o) (__do_copy_data)

Allocating common symbols
Common symbol       size              file

songStart           0x2               uzeboxSoundEngine.o
gameState           0x2               UzeWars.o
tracks              0x6e              uzeboxSoundEngine.o
fadeSpeed           0x1               uzeboxVideoEngine.o
currDeltaTime       0x2               uzeboxSoundEngine.o
fadeDir             0x1               uzeboxVideoEngine.o
patchPointers       0x2               uzeboxSoundEngine.o
lastStatus          0x1               uzeboxSoundEngine.o
joypadsConnectionStatus
                    0x1               uzeboxCore.o
player1             0xf               UzeWars.o
fadeActive          0x1               uzeboxVideoEngine.o
masterVolume        0x1               uzeboxSoundEngine.o
nextDeltaTime       0x2               uzeboxSoundEngine.o
songSpeed           0x1               uzeboxSoundEngine.o
songPos             0x2               uzeboxSoundEngine.o
player2             0xf               UzeWars.o
loopStart           0x2               uzeboxSoundEngine.o
currFadeFrame       0x1               uzeboxVideoEngine.o
fadeStep            0x1               uzeboxVideoEngine.o

Discarded input sections

 .data          0x00000000        0x0 c:/winavr-20100110/bin/../lib/gcc/avr/4.3.3/../../../../avr/lib/avr5/crtm644.o
 .bss           0x00000000        0x0 c:/winavr-20100110/bin/../lib/gcc/avr/4.3.3/../../../../avr/lib/avr5/crtm644.o
 .data          0x00000000        0x0 uzeboxVideoEngineCore.o
 .text.SetForegroundColor
                0x00000000        0x0 uzeboxVideoEngineCore.o
 .text.WaitUs   0x00000000        0x0 uzeboxVideoEngineCore.o
 .text.SetUserPreVsyncCallback
                0x00000000        0x0 uzeboxVideoEngineCore.o
 .text.SetUserPostVsyncCallback
                0x00000000        0x0 uzeboxVideoEngineCore.o
 .text.IsRunningInEmulator
                0x00000000        0x0 uzeboxVideoEngineCore.o
 .text.WaitClocks
                0x00000000        0x0 uzeboxVideoEngineCore.o
 .text.SetLedOn
                0x00000000        0x0 uzeboxVideoEngineCore.o
 .text.SetLedOff
                0x00000000        0x0 uzeboxVideoEngineCore.o
 .text.ToggleLed
                0x00000000        0x0 uzeboxVideoEngineCore.o
 .text.internal_spi_byte
                0x00000000        0x0 uzeboxVideoEngineCore.o
 .text          0x00000000        0x0 uzeboxCore.o
 .data          0x00000000        0x0 uzeboxCore.o
 .bss           0x00000000        0x0 uzeboxCore.o
 .text.SoftReset
                0x00000000        0x0 uzeboxCore.o
 .text.DetectControllers
                0x00000000        0x0 uzeboxCore.o
 .text.FormatEeprom2
                0x00000000        0x0 uzeboxCore.o
 .text.ReadPowerSwitch
                0x00000000        0x0 uzeboxCore.o
 .text.EepromWriteBlock
                0x00000000        0x0 uzeboxCore.o
 .text.EepromReadBlock
                0x00000000        0x0 uzeboxCore.o
 .text          0x00000000        0x0 uzeboxSoundEngine.o
 .data          0x00000000        0x0 uzeboxSoundEngine.o
 .text.StartSong
                0x00000000        0x0 uzeboxSoundEngine.o
 .text.RestartSong
                0x00000000        0x0 uzeboxSoundEngine.o
 .text.StopSong
                0x00000000        0x0 uzeboxSoundEngine.o
 .text.ResumeSong
                0x00000000        0x0 uzeboxSoundEngine.o
 .text.SetSongSpeed
                0x00000000        0x0 uzeboxSoundEngine.o
 .text.GetSongSpeed
                0x00000000        0x0 uzeboxSoundEngine.o
 .text.SetMasterVolume
                0x00000000        0x0 uzeboxSoundEngine.o
 .text.GetMasterVolume
                0x00000000        0x0 uzeboxSoundEngine.o
 .data          0x00000000        0x0 uzeboxSoundEngineCore.o
 .text.SetMixerNoiseParams
                0x00000000        0x0 uzeboxSoundEngineCore.o
 .text.SetMixerVolume
                0x00000000        0x0 uzeboxSoundEngineCore.o
 .text.EnableSoundEngine
                0x00000000        0x0 uzeboxSoundEngineCore.o
 .text          0x00000000        0x0 uzeboxVideoEngine.o
 .data          0x00000000        0x0 uzeboxVideoEngine.o
 .bss           0x00000000        0x0 uzeboxVideoEngine.o
 .text.DrawMap2
                0x00000000        0x0 uzeboxVideoEngine.o
 .text.DrawMap  0x00000000        0x0 uzeboxVideoEngine.o
 .text.PrintLong
                0x00000000        0x0 uzeboxVideoEngine.o
 .text.PrintByte
                0x00000000        0x0 uzeboxVideoEngine.o
 .text.PrintInt
                0x00000000        0x0 uzeboxVideoEngine.o
 .text.PrintBinaryByte
                0x00000000        0x0 uzeboxVideoEngine.o
 .text.PrintHexByte
                0x00000000        0x0 uzeboxVideoEngine.o
 .text.PrintHexInt
                0x00000000        0x0 uzeboxVideoEngine.o
 .text.PrintHexLong
                0x00000000        0x0 uzeboxVideoEngine.o
 .text.Print    0x00000000        0x0 uzeboxVideoEngine.o
 .text.PrintRam
                0x00000000        0x0 uzeboxVideoEngine.o
 .text.PrintChar
                0x00000000        0x0 uzeboxVideoEngine.o
 .text.Fill     0x00000000        0x0 uzeboxVideoEngine.o
 .text.FontFill
                0x00000000        0x0 uzeboxVideoEngine.o
 .text.WaitVsync
                0x00000000        0x0 uzeboxVideoEngine.o
 .progmem.data  0x00000000        0x0 uzeboxVideoEngine.o
 .text.doFade   0x00000000        0x0 uzeboxVideoEngine.o
 .text.FadeIn   0x00000000        0x0 uzeboxVideoEngine.o
 .text.FadeOut  0x00000000        0x0 uzeboxVideoEngine.o
 .text.ProcessFading
                0x00000000        0x0 uzeboxVideoEngine.o
 COMMON         0x00000000        0x0 uzeboxVideoEngine.o
 .text          0x00000000        0x0 UzeWars.o
 .data          0x00000000        0x0 UzeWars.o
 .text.PlayMessage
                0x00000000        0x0 UzeWars.o
 .text.GameOver
                0x00000000        0x0 UzeWars.o
 .text.ScrollText
                0x00000000        0x0 UzeWars.o
 .text.NewParticle
                0x00000000        0x0 UzeWars.o
 .text.NewObject
                0x00000000        0x0 UzeWars.o
 .text          0x00000000        0x0 c:/winavr-20100110/bin/../lib/gcc/avr/4.3.3/avr5\libgcc.a(_udivmodqi4.o)
 .data          0x00000000        0x0 c:/winavr-20100110/bin/../lib/gcc/avr/4.3.3/avr5\libgcc.a(_udivmodqi4.o)
 .bss           0x00000000        0x0 c:/winavr-20100110/bin/../lib/gcc/avr/4.3.3/avr5\libgcc.a(_udivmodqi4.o)
 .text.libgcc   0x00000000        0x0 c:/winavr-20100110/bin/../lib/gcc/avr/4.3.3/avr5\libgcc.a(_udivmodqi4.o)
 .text          0x00000000        0x0 c:/winavr-20100110/bin/../lib/gcc/avr/4.3.3/avr5\libgcc.a(_udivmodhi4.o)
 .data          0x00000000        0x0 c:/winavr-20100110/bin/../lib/gcc/avr/4.3.3/avr5\libgcc.a(_udivmodhi4.o)
 .bss           0x00000000        0x0 c:/winavr-20100110/bin/../lib/gcc/avr/4.3.3/avr5\libgcc.a(_udivmodhi4.o)
 .text          0x00000000        0x0 c:/winavr-20100110/bin/../lib/gcc/avr/4.3.3/avr5\libgcc.a(_divmodhi4.o)
 .data          0x00000000        0x0 c:/winavr-20100110/bin/../lib/gcc/avr/4.3.3/avr5\libgcc.a(_divmodhi4.o)
 .bss           0x00000000        0x0 c:/winavr-20100110/bin/../lib/gcc/avr/4.3.3/avr5\libgcc.a(_divmodhi4.o)
 .text          0x00000000        0x0 c:/winavr-20100110/bin/../lib/gcc/avr/4.3.3/avr5\libgcc.a(_udivmodsi4.o)
 .data          0x00000000        0x0 c:/winavr-20100110/bin/../lib/gcc/avr/4.3.3/avr5\libgcc.a(_udivmodsi4.o)
 .bss           0x00000000        0x0 c:/winavr-20100110/bin/../lib/gcc/avr/4.3.3/avr5\libgcc.a(_udivmodsi4.o)
 .text          0x00000000        0x0 c:/winavr-20100110/bin/../lib/gcc/avr/4.3.3/avr5\libgcc.a(_exit.o)
 .data          0x00000000        0x0 c:/winavr-20100110/bin/../lib/gcc/avr/4.3.3/avr5\libgcc.a(_exit.o)
 .bss           0x00000000        0x0 c:/winavr-20100110/bin/../lib/gcc/avr/4.3.3/avr5\libgcc.a(_exit.o)
 .text.libgcc   0x00000000        0x0 c:/winavr-20100110/bin/../lib/gcc/avr/4.3.3/avr5\libgcc.a(_exit.o)
 .text          0x00000000        0x0 c:/winavr-20100110/bin/../lib/gcc/avr/4.3.3/avr5\libgcc.a(_clear_bss.o)
 .data          0x00000000        0x0 c:/winavr-20100110/bin/../lib/gcc/avr/4.3.3/avr5\libgcc.a(_clear_bss.o)
 .bss           0x00000000        0x0 c:/winavr-20100110/bin/../lib/gcc/avr/4.3.3/avr5\libgcc.a(_clear_bss.o)
 .text.libgcc   0x00000000        0x0 c:/winavr-20100110/bin/../lib/gcc/avr/4.3.3/avr5\libgcc.a(_clear_bss.o)
 .text          0x00000000        0x0 c:/winavr-20100110/bin/../lib/gcc/avr/4.3.3/../../../../avr/lib/avr5\libc.a(rand.o)
 .bss           0x00000000        0x0 c:/winavr-20100110/bin/../lib/gcc/avr/4.3.3/../../../../avr/lib/avr5\libc.a(rand.o)
 .text          0x00000000        0x0 c:/winavr-20100110/bin/../lib/gcc/avr/4.3.3/avr5\libgcc.a(_mulsi3.o)
 .data          0x00000000        0x0 c:/winavr-20100110/bin/../lib/gcc/avr/4.3.3/avr5\libgcc.a(_mulsi3.o)
 .bss           0x00000000        0x0 c:/winavr-20100110/bin/../lib/gcc/avr/4.3.3/avr5\libgcc.a(_mulsi3.o)
 .text          0x00000000        0x0 c:/winavr-20100110/bin/../lib/gcc/avr/4.3.3/avr5\libgcc.a(_divmodsi4.o)
 .data          0x00000000        0x0 c:/winavr-20100110/bin/../lib/gcc/avr/4.3.3/avr5\libgcc.a(_divmodsi4.o)
 .bss           0x00000000        0x0 c:/winavr-20100110/bin/../lib/gcc/avr/4.3.3/avr5\libgcc.a(_divmodsi4.o)
 .text          0x00000000        0x0 c:/winavr-20100110/bin/../lib/gcc/avr/4.3.3/avr5\libgcc.a(_prologue.o)
 .data          0x00000000        0x0 c:/winavr-20100110/bin/../lib/gcc/avr/4.3.3/avr5\libgcc.a(_prologue.o)
 .bss           0x00000000        0x0 c:/winavr-20100110/bin/../lib/gcc/avr/4.3.3/avr5\libgcc.a(_prologue.o)
 .text          0x00000000        0x0 c:/winavr-20100110/bin/../lib/gcc/avr/4.3.3/avr5\libgcc.a(_epilogue.o)
 .data          0x00000000        0x0 c:/winavr-20100110/bin/../lib/gcc/avr/4.3.3/avr5\libgcc.a(_epilogue.o)
 .bss           0x00000000        0x0 c:/winavr-20100110/bin/../lib/gcc/avr/4.3.3/avr5\libgcc.a(_epilogue.o)
 .text          0x00000000        0x0 c:/winavr-20100110/bin/../lib/gcc/avr/4.3.3/avr5\libgcc.a(_copy_data.o)
 .data          0x00000000        0x0 c:/winavr-20100110/bin/../lib/gcc/avr/4.3.3/avr5\libgcc.a(_copy_data.o)
 .bss           0x00000000        0x0 c:/winavr-20100110/bin/../lib/gcc/avr/4.3.3/avr5\libgcc.a(_copy_data.o)
 .text.libgcc   0x00000000        0x0 c:/winavr-20100110/bin/../lib/gcc/avr/4.3.3/avr5\libgcc.a(_copy_data.o)

Memory Configuration

Name             Origin             Length             Attributes
text             0x00000000         0x00020000         xr
data             0x00800060         0x0000ffa0         rw !x
eeprom           0x00810000         0x00010000         rw !x
fuse             0x00820000         0x00000400         rw !x
lock             0x00830000         0x00000400         rw !x
signature        0x00840000         0x00000400         rw !x
*default*        0x00000000         0xffffffff

Linker script and memory map

Address of section .data set to 0x800100
LOAD c:/winavr-20100110/bin/../lib/gcc/avr/4.3.3/../../../../avr/lib/avr5/crtm644.o
Address of section .objectstore set to 0x800200
Address of section .ramtiles set to 0x800400
Address of section .vram set to 0x800c00
Address of section .trigtable set to 0x800f80
LOAD uzeboxVideoEngineCore.o
LOAD uzeboxCore.o
LOAD uzeboxSoundEngine.o
LOAD uzeboxSoundEngineCore.o
LOAD uzeboxVideoEngine.o
LOAD UzeWars.o
LOAD c:/winavr-20100110/bin/../lib/gcc/avr/4.3.3/avr5\libgcc.a
LOAD c:/winavr-20100110/bin/../lib/gcc/avr/4.3.3/../../../../avr/lib/avr5\libc.a
LOAD c:/winavr-20100110/bin/../lib/gcc/avr/4.3.3/avr5\libgcc.a

.hash
 *(.hash)

.dynsym
 *(.dynsym)

.dynstr
 *(.dynstr)

.gnu.version
 *(.gnu.version)

.gnu.version_d
 *(.gnu.version_d)

.gnu.version_r
 *(.gnu.version_r)

.rel.init
 *(.rel.init)

.rela.init
 *(.rela.init)

.rel.text
 *(.rel.text)
 *(.rel.text.*)
 *(.rel.gnu.linkonce.t*)

.rela.text
 *(.rela.text)
 *(.rela.text.*)
 *(.rela.gnu.linkonce.t*)

.rel.fini
 *(.rel.fini)

.rela.fini
 *(.rela.fini)

.rel.rodata
 *(.rel.rodata)
 *(.rel.rodata.*)
 *(.rel.gnu.linkonce.r*)

.rela.rodata
 *(.rela.rodata)
 *(.rela.rodata.*)
 *(.rela.gnu.linkonce.r*)

.rel.data
 *(.rel.data)
 *(.rel.data.*)
 *(.rel.gnu.linkonce.d*)

.rela.data
 *(.rela.data)
 *(.rela.data.*)
 *(.rela.gnu.linkonce.d*)

.rel.ctors
 *(.rel.ctors)

.rela.ctors
 *(.rela.ctors)

.rel.dtors
 *(.rel.dtors)

.rela.dtors
 *(.rela.dtors)

.rel.got
 *(.rel.got)

.rela.got
 *(.rela.got)

.rel.bss
 *(.rel.bss)

.rela.bss
 *(.rela.bss)

.rel.plt
 *(.rel.plt)

.rela.plt
 *(.rela.plt)

.text           0x00000000     0x64ac
 *(.vectors)
 .vectors       0x00000000       0x70 c:/winavr-20100110/bin/../lib/gcc/avr/4.3.3/../../../../avr/lib/avr5/crtm644.o
                0x00000000                __vectors
                0x00000000                __vector_default
 *(.vectors)
 *(.progmem.gcc*)
 *(.progmem*)
 .progmem.data  0x00000070       0x4e uzeboxCore.o
                0x00000070                eeprom_format_table
                0x00000090                io_table
 .progmem.data  0x000000be       0x1a uzeboxSoundEngine.o
                0x000000be                patchCommands
 .progmem.data  0x000000d8     0x238a UzeWars.o
                0x00001e77                SinCosTable
                0x00001f77                MessageText
                0x000000d8                playerShoot
                0x0000045c                CrawlText
                0x0000019d                monsterHit
                0x0000162c                PolarObjects
                0x000003f9                patches
                0x00000ccc                FontTable
                0x0000011c                playerHit
                0x0000042f                String01
                0x00000169                monsterMoveA
                0x000001ea                ufoHovering
                0x000008cc                Bin2AscTable
                0x000010cc                VectFont
                0x0000054c                Mode7LookupTable
                0x0000043d                String02
                0x0000044b                String03
                0x000021ef                LevelText
                0x00001e6c                StatusPositionTable
                0x00000456                StringPointers
                0x00000183                monsterMoveB
                0x00002462                . = ALIGN (0x2)
                0x00002462                __trampolines_start = .
 *(.trampolines)
 .trampolines   0x00002462        0x0 linker stubs
 *(.trampolines*)
                0x00002462                __trampolines_end = .
 *(.jumptables)
 *(.jumptables*)
 *(.lowtext)
 *(.lowtext*)
                0x00002462                __ctors_start = .
 *(.ctors)
                0x00002462                __ctors_end = .
                0x00002462                __dtors_start = .
 *(.dtors)
                0x00002462                __dtors_end = .
 SORT(*)(.ctors)
 SORT(*)(.dtors)
 *(.init0)
 .init0         0x00002462        0x0 c:/winavr-20100110/bin/../lib/gcc/avr/4.3.3/../../../../avr/lib/avr5/crtm644.o
                0x00002462                __init
 *(.init0)
 *(.init1)
 *(.init1)
 *(.init2)
 .init2         0x00002462        0xc c:/winavr-20100110/bin/../lib/gcc/avr/4.3.3/../../../../avr/lib/avr5/crtm644.o
 *(.init2)
 *(.init3)
 .init3         0x0000246e       0x12 uzeboxCore.o
                0x0000246e                wdt_init
 *(.init3)
 *(.init4)
 .init4         0x00002480       0x10 c:/winavr-20100110/bin/../lib/gcc/avr/4.3.3/avr5\libgcc.a(_clear_bss.o)
                0x00002480                __do_clear_bss
 .init4         0x00002490       0x16 c:/winavr-20100110/bin/../lib/gcc/avr/4.3.3/avr5\libgcc.a(_copy_data.o)
                0x00002490                __do_copy_data
 *(.init4)
 *(.init5)
 *(.init5)
 *(.init6)
 *(.init6)
 *(.init7)
 *(.init7)
 *(.init8)
 .init8         0x000024a6       0x8c uzeboxCore.o
                0x000024a6                Initialize
 *(.init8)
 *(.init9)
 .init9         0x00002532        0x8 c:/winavr-20100110/bin/../lib/gcc/avr/4.3.3/../../../../avr/lib/avr5/crtm644.o
 *(.init9)
 *(.text)
 .text          0x0000253a        0x4 c:/winavr-20100110/bin/../lib/gcc/avr/4.3.3/../../../../avr/lib/avr5/crtm644.o
                0x0000253a                __vector_22
                0x0000253a                __vector_1
                0x0000253a                __vector_24
                0x0000253a                __vector_12
                0x0000253a                __bad_interrupt
                0x0000253a                __vector_6
                0x0000253a                __vector_3
                0x0000253a                __vector_23
                0x0000253a                __vector_25
                0x0000253a                __vector_11
                0x0000253a                __vector_17
                0x0000253a                __vector_19
                0x0000253a                __vector_7
                0x0000253a                __vector_27
                0x0000253a                __vector_5
                0x0000253a                __vector_4
                0x0000253a                __vector_9
                0x0000253a                __vector_2
                0x0000253a                __vector_21
                0x0000253a                __vector_15
                0x0000253a                __vector_8
                0x0000253a                __vector_26
                0x0000253a                __vector_10
                0x0000253a                __vector_16
                0x0000253a                __vector_18
                0x0000253a                __vector_20
 .text          0x0000253e      0x454 uzeboxVideoEngineCore.o
                0x0000277c                InitializeVideoMode
                0x000027b0                __vector_13
                0x000026ec                ClearBuffer
                0x00002750                ClearBufferLastLineTileOnly
                0x00002830                __vector_14
                0x0000277a                DisplayLogo
                0x0000277a                VideoModeVsync
                0x0000271e                ClearBufferLastLine
 .text          0x00002992      0x180 uzeboxSoundEngineCore.o
                0x00002992                process_music
                0x0000299e                update_sound
                0x00002b12                . = ALIGN (0x2)
 *(.text.*)
 .text.SetHsyncCallback
                0x00002b12      0xca6 uzeboxVideoEngineCore.o
                0x00003676                CosFastC
                0x00002c3e                GetRamTileFastC
                0x00003678                SinFastC
                0x00003662                CosMulFastC
                0x00002c70                SetPixelFastC
                0x00002bbe                OutHex8XYFastC
                0x0000361a                AddBCD
                0x00003592                bresh_line_asm
                0x00003708                DrawPolarObjectFastC
                0x00003664                SinMulFastC
                0x00002b1c                DefaultCallback
                0x00002b12                SetHsyncCallback
                0x00002b36                OutStringXYProgmemFastC
                0x00002b9a                OutDec8XYFastC
                0x00002b4a                LineMode7FastC
                0x00002b26                mycallback
                0x00002be0                OutCharXYFastC
                0x00003684                Mode7PutCharFastC
 .text.GetVsyncFlag
                0x000037b8        0x8 uzeboxVideoEngineCore.o
                0x000037b8                GetVsyncFlag
 .text.ClearVsyncFlag
                0x000037c0        0xc uzeboxVideoEngineCore.o
                0x000037c0                ClearVsyncFlag
 .text.ReadJoypad
                0x000037cc       0x18 uzeboxVideoEngineCore.o
                0x000037cc                ReadJoypad
 .text.WriteEeprom
                0x000037e4       0x14 uzeboxVideoEngineCore.o
                0x000037e4                WriteEeprom
 .text.ReadEeprom
                0x000037f8       0x12 uzeboxVideoEngineCore.o
                0x000037f8                ReadEeprom
 .text.SetRenderingParameters
                0x0000380a        0xa uzeboxCore.o
                0x0000380a                SetRenderingParameters
 .text.ReadButtons
                0x00003814       0x82 uzeboxCore.o
                0x00003814                ReadButtons
 .text.ReadControllers
                0x00003896       0x22 uzeboxCore.o
                0x00003896                ReadControllers
 .text.FormatEeprom
                0x000038b8       0x46 uzeboxCore.o
                0x000038b8                FormatEeprom
 .text.isEepromFormatted
                0x000038fe       0x2c uzeboxCore.o
                0x000038fe                isEepromFormatted
 .text.PatchCommand00
                0x0000392a        0x6 uzeboxSoundEngine.o
                0x0000392a                PatchCommand00
 .text.PatchCommand01
                0x00003930       0x12 uzeboxSoundEngine.o
                0x00003930                PatchCommand01
 .text.PatchCommand02
                0x00003942        0xa uzeboxSoundEngine.o
                0x00003942                PatchCommand02
 .text.PatchCommand03
                0x0000394c       0x12 uzeboxSoundEngine.o
                0x0000394c                PatchCommand03
 .text.PatchCommand04
                0x0000395e       0x10 uzeboxSoundEngine.o
                0x0000395e                PatchCommand04
 .text.PatchCommand05
                0x0000396e        0xa uzeboxSoundEngine.o
                0x0000396e                PatchCommand05
 .text.PatchCommand06
                0x00003978        0xa uzeboxSoundEngine.o
                0x00003978                PatchCommand06
 .text.PatchCommand07
                0x00003982        0x6 uzeboxSoundEngine.o
                0x00003982                PatchCommand07
 .text.PatchCommand08
                0x00003988       0x24 uzeboxSoundEngine.o
                0x00003988                PatchCommand08
 .text.PatchCommand09
                0x000039ac        0x6 uzeboxSoundEngine.o
                0x000039ac                PatchCommand09
 .text.PatchCommand10
                0x000039b2        0x6 uzeboxSoundEngine.o
                0x000039b2                PatchCommand10
 .text.PatchCommand11
                0x000039b8       0x88 uzeboxSoundEngine.o
                0x000039b8                PatchCommand11
 .text.PatchCommand12
                0x00003a40        0x6 uzeboxSoundEngine.o
                0x00003a40                PatchCommand12
 .text.InitMusicPlayer
                0x00003a46       0x36 uzeboxSoundEngine.o
                0x00003a46                InitMusicPlayer
 .text.ProcessMusic
                0x00003a7c      0x448 uzeboxSoundEngine.o
                0x00003a7c                ProcessMusic
 .text.ReadVarLen
                0x00003ec4       0x48 uzeboxSoundEngine.o
                0x00003ec4                ReadVarLen
 .text.TriggerCommon
                0x00003f0c      0x116 uzeboxSoundEngine.o
                0x00003f0c                TriggerCommon
 .text.TriggerFx
                0x00004022       0x92 uzeboxSoundEngine.o
                0x00004022                TriggerFx
 .text.TriggerNote
                0x000040b4       0x96 uzeboxSoundEngine.o
                0x000040b4                TriggerNote
 .text.SetMixerNote
                0x0000414a       0x2e uzeboxSoundEngineCore.o
                0x0000414a                SetMixerNote
 .text.SetMixerWave
                0x00004178       0x3a uzeboxSoundEngineCore.o
                0x00004178                SetMixerWave
 *fill*         0x000041b2       0x4e 00
 .text.DisableSoundEngine
                0x00004200      0xc00 uzeboxSoundEngineCore.o
                0x00004208                steptable
                0x00004200                DisableSoundEngine
                0x00004400                waves
 .text.InitRound
                0x00004e00       0x36 UzeWars.o
                0x00004e00                InitRound
 .text.InitPlayers
                0x00004e36       0xb0 UzeWars.o
                0x00004e36                InitPlayers
 .text.TitleScreen
                0x00004ee6      0x1a8 UzeWars.o
                0x00004ee6                TitleScreen
 .text.DrawPlayField
                0x0000508e      0x142 UzeWars.o
                0x0000508e                DrawPlayField
 .text.GetNumberObject
                0x000051d0       0x6a UzeWars.o
                0x000051d0                GetNumberObject
 .text.playRoundEndMessage
                0x0000523a      0x16c UzeWars.o
                0x0000523a                playRoundEndMessage
 .text.playRoundBeginMessage
                0x000053a6       0x60 UzeWars.o
                0x000053a6                playRoundBeginMessage
 .text.playGameOverMessage
                0x00005406      0x152 UzeWars.o
                0x00005406                playGameOverMessage
 .text.HandleSync
                0x00005558       0x1c UzeWars.o
                0x00005558                HandleSync
 .text.ChoosePlayerShips
                0x00005574      0x38e UzeWars.o
                0x00005574                ChoosePlayerShips
 .text.main     0x00005902      0x212 UzeWars.o
                0x00005902                main
 .text.ProcessInput
                0x00005b14      0x166 UzeWars.o
                0x00005b14                ProcessInput
 .text.ClearObjectStore
                0x00005c7a       0x14 UzeWars.o
                0x00005c7a                ClearObjectStore
 .text.GetFreeObject
                0x00005c8e       0x20 UzeWars.o
                0x00005c8e                GetFreeObject
 .text.DrawObjects
                0x00005cae       0x2e UzeWars.o
                0x00005cae                DrawObjects
 .text.MoveObjects
                0x00005cdc       0xce UzeWars.o
                0x00005cdc                MoveObjects
 .text.CheckCollision
                0x00005daa      0x214 UzeWars.o
                0x00005daa                CheckCollision
 .text.CollisionDetection
                0x00005fbe       0xf4 UzeWars.o
                0x00005fbe                CollisionDetection
 .text.PolarToPoint
                0x000060b2       0x2e UzeWars.o
                0x000060b2                PolarToPoint
 .text.PointInTriangle
                0x000060e0       0xf8 UzeWars.o
                0x000060e0                PointInTriangle
 .text.NewBullet
                0x000061d8       0x50 UzeWars.o
                0x000061d8                NewBullet
 .text.NewShip  0x00006228       0x4a UzeWars.o
                0x00006228                NewShip
 .text.libgcc   0x00006272       0x28 c:/winavr-20100110/bin/../lib/gcc/avr/4.3.3/avr5\libgcc.a(_udivmodhi4.o)
                0x00006272                __udivmodhi4
 .text.libgcc   0x0000629a       0x26 c:/winavr-20100110/bin/../lib/gcc/avr/4.3.3/avr5\libgcc.a(_divmodhi4.o)
                0x0000629a                __divmodhi4
                0x0000629a                _div
 .text.libgcc   0x000062c0       0x44 c:/winavr-20100110/bin/../lib/gcc/avr/4.3.3/avr5\libgcc.a(_udivmodsi4.o)
                0x000062c0                __udivmodsi4
 .text.avr-libc
                0x00006304       0xc2 c:/winavr-20100110/bin/../lib/gcc/avr/4.3.3/../../../../avr/lib/avr5\libc.a(rand.o)
                0x000063a0                rand_r
                0x000063a6                rand
                0x000063b0                srand
 .text.libgcc   0x000063c6       0x3e c:/winavr-20100110/bin/../lib/gcc/avr/4.3.3/avr5\libgcc.a(_mulsi3.o)
                0x000063c6                __mulsi3
 .text.libgcc   0x00006404       0x36 c:/winavr-20100110/bin/../lib/gcc/avr/4.3.3/avr5\libgcc.a(_divmodsi4.o)
                0x00006404                __divmodsi4
 .text.libgcc   0x0000643a       0x38 c:/winavr-20100110/bin/../lib/gcc/avr/4.3.3/avr5\libgcc.a(_prologue.o)
                0x0000643a                __prologue_saves__
 .text.libgcc   0x00006472       0x36 c:/winavr-20100110/bin/../lib/gcc/avr/4.3.3/avr5\libgcc.a(_epilogue.o)
                0x00006472                __epilogue_restores__
                0x000064a8                . = ALIGN (0x2)
 *(.fini9)
 .fini9         0x000064a8        0x0 c:/winavr-20100110/bin/../lib/gcc/avr/4.3.3/avr5\libgcc.a(_exit.o)
                0x000064a8                exit
                0x000064a8                _exit
 *(.fini9)
 *(.fini8)
 *(.fini8)
 *(.fini7)
 *(.fini7)
 *(.fini6)
 *(.fini6)
 *(.fini5)
 *(.fini5)
 *(.fini4)
 *(.fini4)
 *(.fini3)
 *(.fini3)
 *(.fini2)
 *(.fini2)
 *(.fini1)
 *(.fini1)
 *(.fini0)
 .fini0         0x000064a8        0x4 c:/winavr-20100110/bin/../lib/gcc/avr/4.3.3/avr5\libgcc.a(_exit.o)
 *(.fini0)
                0x000064ac                _etext = .

.data           0x00800100        0x4 load address 0x000064ac
                0x00800100                PROVIDE (__data_start, .)
 *(.data)
 .data          0x00800100        0x4 c:/winavr-20100110/bin/../lib/gcc/avr/4.3.3/../../../../avr/lib/avr5\libc.a(rand.o)
 *(.data*)
 *(.rodata)
 *(.rodata*)
 *(.gnu.linkonce.d*)
                0x00800104                . = ALIGN (0x2)
                0x00800104                _edata = .
                0x00800104                PROVIDE (__data_end, .)

.bss            0x00800108       0xf5
                0x00800108                PROVIDE (__bss_start, .)
 *(.bss)
 .bss           0x00800108       0x30 uzeboxVideoEngineCore.o
                0x00800122                sync_phase
                0x00800133                joypad2_status_hi
                0x0080012a                render_lines_count
                0x0080012f                joypad1_status_hi
                0x0080012c                render_lines_count_tmp
                0x00800123                sync_pulse
                0x00800129                first_render_line
                0x00800112                renderCount
                0x00800114                StatusTiles
                0x0080012b                first_render_line_tmp
                0x0080012d                joypad1_status_lo
                0x00800110                nextFreeRamTile
                0x00800131                joypad2_status_lo
                0x00800113                ClearVramFlags
                0x00800124                sync_flags
 .bss           0x00800138        0x1 uzeboxSoundEngine.o
                0x00800138                playSong
 .bss           0x00800139       0x23 uzeboxSoundEngineCore.o
                0x0080014f                tr4_barrel_hi
                0x0080014e                tr4_barrel_lo
                0x0080013a                mixer
                0x0080014d                tr4_params
                0x00800139                sound_enabled
 .bss           0x0080015c        0x3 UzeWars.o
                0x0080015c                roundTimer
 *(.bss*)
 *(COMMON)
 COMMON         0x0080015f        0x1 uzeboxCore.o
                0x0080015f                joypadsConnectionStatus
 COMMON         0x00800160       0x7d uzeboxSoundEngine.o
                0x00800160                songStart
                0x00800162                tracks
                0x008001d0                currDeltaTime
                0x008001d2                patchPointers
                0x008001d4                lastStatus
                0x008001d5                masterVolume
                0x008001d6                nextDeltaTime
                0x008001d8                songSpeed
                0x008001d9                songPos
                0x008001db                loopStart
 COMMON         0x008001dd       0x20 UzeWars.o
                0x008001dd                gameState
                0x008001df                player1
                0x008001ee                player2
                0x008001fd                PROVIDE (__bss_end, .)
                0x000064ac                __data_load_start = LOADADDR (.data)
                0x000064b0                __data_load_end = (__data_load_start + SIZEOF (.data))

.noinit         0x008001fd        0x0
                0x008001fd                PROVIDE (__noinit_start, .)
 *(.noinit*)
                0x008001fd                PROVIDE (__noinit_end, .)
                0x008001fd                _end = .
                0x008001fd                PROVIDE (__heap_start, .)

.eeprom         0x00810000        0x0
 *(.eeprom*)
                0x00810000                __eeprom_end = .

.fuse
 *(.fuse)
 *(.lfuse)
 *(.hfuse)
 *(.efuse)

.lock
 *(.lock*)

.signature
 *(.signature*)

.stab
 *(.stab)

.stabstr
 *(.stabstr)

.stab.excl
 *(.stab.excl)

.stab.exclstr
 *(.stab.exclstr)

.stab.index
 *(.stab.index)

.stab.indexstr
 *(.stab.indexstr)

.comment
 *(.comment)

.debug
 *(.debug)

.line
 *(.line)

.debug_srcinfo
 *(.debug_srcinfo)

.debug_sfnames
 *(.debug_sfnames)

.debug_aranges  0x00000000      0x400
 *(.debug_aranges)
 .debug_aranges
                0x00000000       0xa0 uzeboxVideoEngineCore.o
 .debug_aranges
                0x000000a0       0x80 uzeboxCore.o
 .debug_aranges
                0x00000120       0xf0 uzeboxSoundEngine.o
 .debug_aranges
                0x00000210       0x50 uzeboxSoundEngineCore.o
 .debug_aranges
                0x00000260       0xb0 uzeboxVideoEngine.o
 .debug_aranges
                0x00000310       0xf0 UzeWars.o

.debug_pubnames
                0x00000000      0x8f5
 *(.debug_pubnames)
 .debug_pubnames
                0x00000000      0x148 uzeboxCore.o
 .debug_pubnames
                0x00000148      0x2a7 uzeboxSoundEngine.o
 .debug_pubnames
                0x000003ef      0x169 uzeboxVideoEngine.o
 .debug_pubnames
                0x00000558      0x39d UzeWars.o

.debug_info     0x00000000     0x3559
 *(.debug_info)
 .debug_info    0x00000000       0x7e uzeboxVideoEngineCore.o
 .debug_info    0x0000007e      0x77c uzeboxCore.o
 .debug_info    0x000007fa     0x107d uzeboxSoundEngine.o
 .debug_info    0x00001877       0x79 uzeboxSoundEngineCore.o
 .debug_info    0x000018f0      0x8d2 uzeboxVideoEngine.o
 .debug_info    0x000021c2     0x1397 UzeWars.o
 *(.gnu.linkonce.wi.*)

.debug_abbrev   0x00000000      0x962
 *(.debug_abbrev)
 .debug_abbrev  0x00000000       0x12 uzeboxVideoEngineCore.o
 .debug_abbrev  0x00000012      0x271 uzeboxCore.o
 .debug_abbrev  0x00000283      0x267 uzeboxSoundEngine.o
 .debug_abbrev  0x000004ea       0x12 uzeboxSoundEngineCore.o
 .debug_abbrev  0x000004fc      0x1c7 uzeboxVideoEngine.o
 .debug_abbrev  0x000006c3      0x29f UzeWars.o

.debug_line     0x00000000     0x300c
 *(.debug_line)
 .debug_line    0x00000000      0x67a uzeboxVideoEngineCore.o
 .debug_line    0x0000067a      0x4fd uzeboxCore.o
 .debug_line    0x00000b77      0x95c uzeboxSoundEngine.o
 .debug_line    0x000014d3      0x1a9 uzeboxSoundEngineCore.o
 .debug_line    0x0000167c      0x613 uzeboxVideoEngine.o
 .debug_line    0x00001c8f     0x137d UzeWars.o

.debug_frame    0x00000000      0x5a0
 *(.debug_frame)
 .debug_frame   0x00000000       0xe0 uzeboxCore.o
 .debug_frame   0x000000e0      0x1c0 uzeboxSoundEngine.o
 .debug_frame   0x000002a0      0x140 uzeboxVideoEngine.o
 .debug_frame   0x000003e0      0x1c0 UzeWars.o

.debug_str      0x00000000      0xeb4
 *(.debug_str)
 .debug_str     0x00000000      0x419 uzeboxCore.o
                                0x45f (size before relaxing)
 .debug_str     0x00000419      0x3d8 uzeboxSoundEngine.o
                                0x5b2 (size before relaxing)
 .debug_str     0x000007f1      0x164 uzeboxVideoEngine.o
                                0x250 (size before relaxing)
 .debug_str     0x00000955      0x55f UzeWars.o
                                0x6a9 (size before relaxing)

.debug_loc      0x00000000     0x21c6
 *(.debug_loc)
 .debug_loc     0x00000000      0x37d uzeboxCore.o
 .debug_loc     0x0000037d      0xa27 uzeboxSoundEngine.o
 .debug_loc     0x00000da4      0x9d7 uzeboxVideoEngine.o
 .debug_loc     0x0000177b      0xa4b UzeWars.o

.debug_macinfo
 *(.debug_macinfo)
OUTPUT(UzeWars.elf elf32-avr)
LOAD linker stubs

.objectstore    0x00800200      0x168
 .objectstore   0x00800200      0x168 UzeWars.o
                0x00800200                ObjectStore

.ramtiles       0x00800400      0x800
 .ramtiles      0x00800400      0x800 UzeWars.o
                0x00800400                ramTiles

.vram           0x00800c00      0x380
 .vram          0x00800c00      0x380 UzeWars.o
                0x00800c00                vram

.trigtable      0x00800f80       0x40
 .trigtable     0x00800f80       0x40 UzeWars.o
                0x00800f80                trigtable

.debug_ranges   0x00000000      0x430
 .debug_ranges  0x00000000       0x98 uzeboxVideoEngineCore.o
 .debug_ranges  0x00000098       0x78 uzeboxCore.o
 .debug_ranges  0x00000110      0x100 uzeboxSoundEngine.o
 .debug_ranges  0x00000210       0x48 uzeboxSoundEngineCore.o
 .debug_ranges  0x00000258       0xf0 uzeboxVideoEngine.o
 .debug_ranges  0x00000348       0xe8 UzeWars.o
